Processed B1_FOV02_Z008_pr.tif: 100 tiles created
Processed B1_FOV01_Z049_pr.tif: 100 tiles created
Processed B1_FOV00_Z074_pr.tif: 100 tiles created
Processed B1_FOV01_Z050_pr.tif: 100 tiles created
Processed B1_FOV03_Z095_pr.tif: 100 tiles created
Processed B1_FOV03_Z066_pr.tif: 100 tiles created
Processed B1_FOV00_Z058_pr.tif: 100 tiles created
Processed B1_FOV00_Z064_pr.tif: 100 tiles created
Processed B1_FOV00_Z018_pr.tif: 100 tiles created
Processed B1_FOV00_Z054_pr.tif: 100 tiles created
Processed B1_FOV02_Z033_pr.tif: 100 tiles created
Processed B1_FOV01_Z056_pr.tif: 100 tiles created
Processed B1_FOV01_Z033_pr.tif: 100 tiles created
Processed B1_FOV01_Z021_pr.tif: 100 tiles created
Processed B1_FOV00_Z079_pr.tif: 100 tiles created
Processed B1_FOV00_Z085_pr.tif: 100 tiles created
Processed B1_FOV02_Z001_pr.tif: 100 tiles created
Processed B1_FOV02_Z073_pr.tif: 100 tiles created
Processed B1_FOV03_Z063_pr.tif: 100 tiles created
Processed B1_FOV00_Z004_pr.tif: 100 tiles created
Processed B1_FOV03_Z029_pr.tif: 100 tiles created
Processed B1_FOV00_Z025_pr.tif: 100 tiles created
Processed B1_FOV00_Z043_pr.tif: 100 tiles created
Processed B1_FOV02_Z088_pr.tif: 100 tiles created
Processed B1_FOV03_Z087_pr.tif: 100 tiles created
Processed B1_FOV01_Z084_pr.tif: 100 tiles created
Processed B1_FOV00_Z031_pr.tif: 100 tiles created
Processed B1_FOV03_Z026_pr.tif: 100 tiles created
Processed B1_FOV03_Z096_pr.tif: 100 tiles created
Processed B1_FOV00_Z007_pr.tif: 100 tiles created
Processed B1_FOV02_Z021_pr.tif: 100 tiles created
Processed B1_FOV01_Z040_pr.tif: 100 tiles created
Processed B1_FOV03_Z093_pr.tif: 100 tiles created
Processed B1_FOV01_Z076_pr.tif: 100 tiles created
Processed B1_FOV01_Z078_pr.tif: 100 tiles created
Processed B1_FOV02_Z061_pr.tif: 100 tiles created
Processed B1_FOV01_Z015_pr.tif: 100 tiles created
Processed B1_FOV02_Z098_pr.tif: 100 tiles created
Processed B1_FOV02_Z100_pr.tif: 100 tiles created
Processed B1_FOV01_Z041_pr.tif: 100 tiles created
Processed B1_FOV01_Z006_pr.tif: 100 tiles created
Processed B1_FOV02_Z016_pr.tif: 100 tiles created
Processed B1_FOV02_Z000_pr.tif: 100 tiles created
Processed B1_FOV02_Z064_pr.tif: 100 tiles created
Processed B1_FOV03_Z014_pr.tif: 100 tiles created
Processed B1_FOV02_Z099_pr.tif: 100 tiles created
Processed B1_FOV03_Z009_pr.tif: 100 tiles created
Processed B1_FOV00_Z076_pr.tif: 100 tiles created
Processed B1_FOV00_Z099_pr.tif: 100 tiles created
Processed B1_FOV02_Z083_pr.tif: 100 tiles created
Processed B1_FOV03_Z099_pr.tif: 100 tiles created
Processed B1_FOV00_Z065_pr.tif: 100 tiles created
Processed B1_FOV02_Z066_pr.tif: 100 tiles created
Processed B1_FOV00_Z097_pr.tif: 100 tiles created
Processed B1_FOV01_Z063_pr.tif: 100 tiles created
Processed B1_FOV03_Z057_pr.tif: 100 tiles created
Processed B1_FOV02_Z010_pr.tif: 100 tiles created
Processed B1_FOV03_Z065_pr.tif: 100 tiles created
Processed B1_FOV01_Z064_pr.tif: 100 tiles created
Processed B1_FOV03_Z084_pr.tif: 100 tiles created
Processed B1_FOV03_Z058_pr.tif: 100 tiles created
Processed B1_FOV03_Z004_pr.tif: 100 tiles created
Processed B1_FOV00_Z060_pr.tif: 100 tiles created
Processed B1_FOV02_Z078_pr.tif: 100 tiles created
Processed B1_FOV01_Z096_pr.tif: 100 tiles created
Processed B1_FOV02_Z089_pr.tif: 100 tiles created
Processed B1_FOV03_Z042_pr.tif: 100 tiles created
Processed B1_FOV00_Z091_pr.tif: 100 tiles created
Processed B1_FOV03_Z094_pr.tif: 100 tiles created
Processed B1_FOV03_Z062_pr.tif: 100 tiles created
Processed B1_FOV01_Z082_pr.tif: 100 tiles created
Processed B1_FOV00_Z048_pr.tif: 100 tiles created
Processed B1_FOV01_Z042_pr.tif: 100 tiles created
Processed B1_FOV00_Z008_pr.tif: 100 tiles created
Processed B1_FOV00_Z068_pr.tif: 100 tiles created
Processed B1_FOV02_Z017_pr.tif: 100 tiles created
Processed B1_FOV03_Z082_pr.tif: 100 tiles created
Processed B1_FOV00_Z024_pr.tif: 100 tiles created
Processed B1_FOV02_Z018_pr.tif: 100 tiles created
Processed B1_FOV03_Z056_pr.tif: 100 tiles created
Processed B1_FOV00_Z023_pr.tif: 100 tiles created
Processed B1_FOV01_Z036_pr.tif: 100 tiles created
Processed B1_FOV03_Z043_pr.tif: 100 tiles created
Processed B1_FOV02_Z024_pr.tif: 100 tiles created
Processed B1_FOV03_Z006_pr.tif: 100 tiles created
Processed B1_FOV02_Z039_pr.tif: 100 tiles created
Processed B1_FOV02_Z080_pr.tif: 100 tiles created
Processed B1_FOV00_Z095_pr.tif: 100 tiles created
Processed B1_FOV02_Z075_pr.tif: 100 tiles created
Processed B1_FOV03_Z088_pr.tif: 100 tiles created
Processed B1_FOV03_Z089_pr.tif: 100 tiles created
Processed B1_FOV00_Z052_pr.tif: 100 tiles created
Processed B1_FOV00_Z034_pr.tif: 100 tiles created
Processed B1_FOV02_Z038_pr.tif: 100 tiles created
Processed B1_FOV02_Z092_pr.tif: 100 tiles created
Processed B1_FOV03_Z023_pr.tif: 100 tiles created
Processed B1_FOV02_Z059_pr.tif: 100 tiles created
Processed B1_FOV02_Z005_pr.tif: 100 tiles created
Processed B1_FOV01_Z005_pr.tif: 100 tiles created
Processed B1_FOV02_Z071_pr.tif: 100 tiles created
Processed B1_FOV02_Z030_pr.tif: 100 tiles created
Processed B1_FOV02_Z044_pr.tif: 100 tiles created
Processed B1_FOV03_Z022_pr.tif: 100 tiles created
Processed B1_FOV03_Z050_pr.tif: 100 tiles created
Processed B1_FOV03_Z019_pr.tif: 100 tiles created
Processed B1_FOV01_Z012_pr.tif: 100 tiles created
Processed B1_FOV03_Z083_pr.tif: 100 tiles created
Processed B1_FOV01_Z031_pr.tif: 100 tiles created
Processed B1_FOV01_Z086_pr.tif: 100 tiles created
Processed B1_FOV02_Z026_pr.tif: 100 tiles created
Processed B1_FOV00_Z017_pr.tif: 100 tiles created
Processed B1_FOV03_Z071_pr.tif: 100 tiles created
Processed B1_FOV02_Z040_pr.tif: 100 tiles created
Processed B1_FOV01_Z083_pr.tif: 100 tiles created
Processed B1_FOV02_Z091_pr.tif: 100 tiles created
Processed B1_FOV01_Z051_pr.tif: 100 tiles created
Processed B1_FOV00_Z009_pr.tif: 100 tiles created
Processed B1_FOV02_Z096_pr.tif: 100 tiles created
Processed B1_FOV01_Z065_pr.tif: 100 tiles created
Processed B1_FOV03_Z069_pr.tif: 100 tiles created
Processed B1_FOV01_Z058_pr.tif: 100 tiles created
Processed B1_FOV02_Z067_pr.tif: 100 tiles created
Processed B1_FOV01_Z087_pr.tif: 100 tiles created
Processed B1_FOV01_Z066_pr.tif: 100 tiles created
Processed B1_FOV00_Z010_pr.tif: 100 tiles created
Processed B1_FOV00_Z056_pr.tif: 100 tiles created
Processed B1_FOV00_Z045_pr.tif: 100 tiles created
Processed B1_FOV03_Z080_pr.tif: 100 tiles created
Processed B1_FOV02_Z015_pr.tif: 100 tiles created
Processed B1_FOV02_Z009_pr.tif: 100 tiles created
Processed B1_FOV02_Z054_pr.tif: 100 tiles created
Processed B1_FOV03_Z015_pr.tif: 100 tiles created
Processed B1_FOV00_Z061_pr.tif: 100 tiles created
Processed B1_FOV02_Z020_pr.tif: 100 tiles created
Processed B1_FOV00_Z098_pr.tif: 100 tiles created
Processed B1_FOV02_Z081_pr.tif: 100 tiles created
Processed B1_FOV03_Z034_pr.tif: 100 tiles created
Processed B1_FOV03_Z055_pr.tif: 100 tiles created
Processed B1_FOV01_Z099_pr.tif: 100 tiles created
Processed B1_FOV00_Z078_pr.tif: 100 tiles created
Processed B1_FOV02_Z060_pr.tif: 100 tiles created
Processed B1_FOV00_Z027_pr.tif: 100 tiles created
Processed B1_FOV02_Z076_pr.tif: 100 tiles created
Processed B1_FOV01_Z048_pr.tif: 100 tiles created
Processed B1_FOV02_Z011_pr.tif: 100 tiles created
Processed B1_FOV03_Z091_pr.tif: 100 tiles created
Processed B1_FOV01_Z023_pr.tif: 100 tiles created
Processed B1_FOV03_Z038_pr.tif: 100 tiles created
Processed B1_FOV03_Z024_pr.tif: 100 tiles created
Processed B1_FOV03_Z036_pr.tif: 100 tiles created
Processed B1_FOV01_Z055_pr.tif: 100 tiles created
Processed B1_FOV03_Z025_pr.tif: 100 tiles created
Processed B1_FOV02_Z031_pr.tif: 100 tiles created
Processed B1_FOV01_Z000_pr.tif: 100 tiles created
Processed B1_FOV03_Z098_pr.tif: 100 tiles created
Processed B1_FOV03_Z072_pr.tif: 100 tiles created
Processed B1_FOV03_Z090_pr.tif: 100 tiles created
Processed B1_FOV01_Z069_pr.tif: 100 tiles created
Processed B1_FOV03_Z076_pr.tif: 100 tiles created
Processed B1_FOV00_Z016_pr.tif: 100 tiles created
Processed B1_FOV00_Z069_pr.tif: 100 tiles created
Processed B1_FOV02_Z087_pr.tif: 100 tiles created
Processed B1_FOV03_Z011_pr.tif: 100 tiles created
Processed B1_FOV03_Z005_pr.tif: 100 tiles created
Processed B1_FOV01_Z091_pr.tif: 100 tiles created
Processed B1_FOV00_Z050_pr.tif: 100 tiles created
Processed B1_FOV03_Z085_pr.tif: 100 tiles created
Processed B1_FOV01_Z072_pr.tif: 100 tiles created
Processed B1_FOV00_Z032_pr.tif: 100 tiles created
Processed B1_FOV02_Z049_pr.tif: 100 tiles created
Processed B1_FOV02_Z037_pr.tif: 100 tiles created
Processed B1_FOV03_Z012_pr.tif: 100 tiles created
Processed B1_FOV01_Z067_pr.tif: 100 tiles created
Processed B1_FOV01_Z039_pr.tif: 100 tiles created
Processed B1_FOV01_Z019_pr.tif: 100 tiles created
Processed B1_FOV00_Z014_pr.tif: 100 tiles created
Processed B1_FOV00_Z021_pr.tif: 100 tiles created
Processed B1_FOV02_Z007_pr.tif: 100 tiles created
Processed B1_FOV01_Z020_pr.tif: 100 tiles created
Processed B1_FOV02_Z069_pr.tif: 100 tiles created
Processed B1_FOV03_Z064_pr.tif: 100 tiles created
Processed B1_FOV03_Z097_pr.tif: 100 tiles created
Processed B1_FOV02_Z063_pr.tif: 100 tiles created
Processed B1_FOV02_Z093_pr.tif: 100 tiles created
Processed B1_FOV01_Z100_pr.tif: 100 tiles created
Processed B1_FOV00_Z093_pr.tif: 100 tiles created
Processed B1_FOV03_Z075_pr.tif: 100 tiles created
Processed B1_FOV00_Z055_pr.tif: 100 tiles created
Processed B1_FOV03_Z054_pr.tif: 100 tiles created
Processed B1_FOV02_Z097_pr.tif: 100 tiles created
Processed B1_FOV03_Z073_pr.tif: 100 tiles created
Processed B1_FOV01_Z032_pr.tif: 100 tiles created
Processed B1_FOV03_Z100_pr.tif: 100 tiles created
Processed B1_FOV01_Z062_pr.tif: 100 tiles created
Processed B1_FOV02_Z042_pr.tif: 100 tiles created
Processed B1_FOV02_Z041_pr.tif: 100 tiles created
Processed B1_FOV03_Z016_pr.tif: 100 tiles created
Processed B1_FOV03_Z031_pr.tif: 100 tiles created
Processed B1_FOV00_Z070_pr.tif: 100 tiles created
Processed B1_FOV02_Z028_pr.tif: 100 tiles created
Processed B1_FOV01_Z035_pr.tif: 100 tiles created
Processed B1_FOV02_Z068_pr.tif: 100 tiles created
Processed B1_FOV00_Z012_pr.tif: 100 tiles created
Processed B1_FOV00_Z002_pr.tif: 100 tiles created
Processed B1_FOV03_Z053_pr.tif: 100 tiles created
Processed B1_FOV01_Z079_pr.tif: 100 tiles created
Processed B1_FOV01_Z014_pr.tif: 100 tiles created
Processed B1_FOV03_Z007_pr.tif: 100 tiles created
Processed B1_FOV03_Z068_pr.tif: 100 tiles created
Processed B1_FOV01_Z037_pr.tif: 100 tiles created
Processed B1_FOV00_Z044_pr.tif: 100 tiles created
Processed B1_FOV01_Z097_pr.tif: 100 tiles created
Processed B1_FOV01_Z047_pr.tif: 100 tiles created
Processed B1_FOV00_Z040_pr.tif: 100 tiles created
Processed B1_FOV02_Z055_pr.tif: 100 tiles created
Processed B1_FOV00_Z005_pr.tif: 100 tiles created
Processed B1_FOV02_Z074_pr.tif: 100 tiles created
Processed B1_FOV01_Z085_pr.tif: 100 tiles created
Processed B1_FOV03_Z045_pr.tif: 100 tiles created
Processed B1_FOV00_Z086_pr.tif: 100 tiles created
Processed B1_FOV00_Z094_pr.tif: 100 tiles created
Processed B1_FOV00_Z088_pr.tif: 100 tiles created
Processed B1_FOV03_Z041_pr.tif: 100 tiles created
Processed B1_FOV00_Z092_pr.tif: 100 tiles created
Processed B1_FOV00_Z013_pr.tif: 100 tiles created
Processed B1_FOV02_Z047_pr.tif: 100 tiles created
Processed B1_FOV01_Z007_pr.tif: 100 tiles created
Processed B1_FOV03_Z013_pr.tif: 100 tiles created
Processed B1_FOV02_Z084_pr.tif: 100 tiles created
Processed B1_FOV02_Z050_pr.tif: 100 tiles created
Processed B1_FOV03_Z018_pr.tif: 100 tiles created
Processed B1_FOV01_Z022_pr.tif: 100 tiles created
Processed B1_FOV01_Z046_pr.tif: 100 tiles created
Processed B1_FOV02_Z043_pr.tif: 100 tiles created
Processed B1_FOV02_Z014_pr.tif: 100 tiles created
Processed B1_FOV03_Z078_pr.tif: 100 tiles created
Processed B1_FOV00_Z038_pr.tif: 100 tiles created
Processed B1_FOV02_Z003_pr.tif: 100 tiles created
Processed B1_FOV02_Z006_pr.tif: 100 tiles created
Processed B1_FOV00_Z084_pr.tif: 100 tiles created
Processed B1_FOV02_Z062_pr.tif: 100 tiles created
Processed B1_FOV01_Z009_pr.tif: 100 tiles created
Processed B1_FOV01_Z052_pr.tif: 100 tiles created
Processed B1_FOV01_Z088_pr.tif: 100 tiles created
Processed B1_FOV00_Z019_pr.tif: 100 tiles created
Processed B1_FOV01_Z028_pr.tif: 100 tiles created
Processed B1_FOV01_Z081_pr.tif: 100 tiles created
Processed B1_FOV03_Z008_pr.tif: 100 tiles created
Processed B1_FOV01_Z026_pr.tif: 100 tiles created
Processed B1_FOV00_Z100_pr.tif: 100 tiles created
Processed B1_FOV00_Z042_pr.tif: 100 tiles created
Processed B1_FOV01_Z010_pr.tif: 100 tiles created
Processed B1_FOV03_Z074_pr.tif: 100 tiles created
Processed B1_FOV01_Z018_pr.tif: 100 tiles created
Processed B1_FOV03_Z039_pr.tif: 100 tiles created
Processed B1_FOV01_Z077_pr.tif: 100 tiles created
Processed B1_FOV00_Z053_pr.tif: 100 tiles created
Processed B1_FOV03_Z077_pr.tif: 100 tiles created
Processed B1_FOV02_Z029_pr.tif: 100 tiles created
Processed B1_FOV00_Z015_pr.tif: 100 tiles created
Processed B1_FOV02_Z094_pr.tif: 100 tiles created
Processed B1_FOV02_Z090_pr.tif: 100 tiles created
Processed B1_FOV00_Z096_pr.tif: 100 tiles created
Processed B1_FOV03_Z001_pr.tif: 100 tiles created
Processed B1_FOV00_Z083_pr.tif: 100 tiles created
Processed B1_FOV03_Z002_pr.tif: 100 tiles created
Processed B1_FOV03_Z070_pr.tif: 100 tiles created
Processed B1_FOV02_Z056_pr.tif: 100 tiles created
Processed B1_FOV01_Z074_pr.tif: 100 tiles created
Processed B1_FOV03_Z044_pr.tif: 100 tiles created
Processed B1_FOV01_Z075_pr.tif: 100 tiles created
Processed B1_FOV00_Z039_pr.tif: 100 tiles created
Processed B1_FOV02_Z095_pr.tif: 100 tiles created
Processed B1_FOV03_Z092_pr.tif: 100 tiles created
Processed B1_FOV02_Z085_pr.tif: 100 tiles created
Processed B1_FOV02_Z012_pr.tif: 100 tiles created
Processed B1_FOV01_Z030_pr.tif: 100 tiles created
Processed B1_FOV03_Z030_pr.tif: 100 tiles created
Processed B1_FOV02_Z086_pr.tif: 100 tiles created
Processed B1_FOV03_Z081_pr.tif: 100 tiles created
Processed B1_FOV00_Z041_pr.tif: 100 tiles created
Processed B1_FOV02_Z046_pr.tif: 100 tiles created
Processed B1_FOV01_Z045_pr.tif: 100 tiles created
Processed B1_FOV01_Z038_pr.tif: 100 tiles created
Processed B1_FOV02_Z023_pr.tif: 100 tiles created
Processed B1_FOV00_Z026_pr.tif: 100 tiles created
Processed B1_FOV01_Z071_pr.tif: 100 tiles created
Processed B1_FOV01_Z017_pr.tif: 100 tiles created
Processed B1_FOV02_Z052_pr.tif: 100 tiles created
Processed B1_FOV03_Z060_pr.tif: 100 tiles created
Processed B1_FOV03_Z052_pr.tif: 100 tiles created
Processed B1_FOV03_Z020_pr.tif: 100 tiles created
Processed B1_FOV00_Z003_pr.tif: 100 tiles created
Processed B1_FOV01_Z029_pr.tif: 100 tiles created
Processed B1_FOV02_Z053_pr.tif: 100 tiles created
Processed B1_FOV02_Z051_pr.tif: 100 tiles created
Processed B1_FOV01_Z080_pr.tif: 100 tiles created
Processed B1_FOV00_Z006_pr.tif: 100 tiles created
Processed B1_FOV00_Z033_pr.tif: 100 tiles created
Processed B1_FOV00_Z020_pr.tif: 100 tiles created
Processed B1_FOV03_Z035_pr.tif: 100 tiles created
Processed B1_FOV02_Z048_pr.tif: 100 tiles created
Processed B1_FOV01_Z092_pr.tif: 100 tiles created
Processed B1_FOV02_Z079_pr.tif: 100 tiles created
Processed B1_FOV02_Z077_pr.tif: 100 tiles created
Processed B1_FOV00_Z082_pr.tif: 100 tiles created
Processed B1_FOV02_Z072_pr.tif: 100 tiles created
Processed B1_FOV03_Z021_pr.tif: 100 tiles created
Processed B1_FOV01_Z093_pr.tif: 100 tiles created
Processed B1_FOV03_Z051_pr.tif: 100 tiles created
Processed B1_FOV01_Z011_pr.tif: 100 tiles created
Processed B1_FOV01_Z025_pr.tif: 100 tiles created
Processed B1_FOV00_Z081_pr.tif: 100 tiles created
Processed B1_FOV03_Z017_pr.tif: 100 tiles created
Processed B1_FOV02_Z025_pr.tif: 100 tiles created
Processed B1_FOV03_Z048_pr.tif: 100 tiles created
Processed B1_FOV02_Z057_pr.tif: 100 tiles created
Processed B1_FOV01_Z060_pr.tif: 100 tiles created
Processed B1_FOV01_Z043_pr.tif: 100 tiles created
Processed B1_FOV02_Z065_pr.tif: 100 tiles created
Processed B1_FOV03_Z061_pr.tif: 100 tiles created
Processed B1_FOV00_Z047_pr.tif: 100 tiles created
Processed B1_FOV00_Z063_pr.tif: 100 tiles created

Total tiles created: 32300
Tiles saved to: /jet/home/pwojcik/lm_lab_proj/for_training/B1_split
Dataset split complete:
  Train_full: 29070 images
  Test:       3230 images
Processed B2_FOV00_Z087_pr.tif: 100 tiles created
Processed B2_FOV01_Z075_pr.tif: 100 tiles created
Processed B2_FOV00_Z002_pr.tif: 100 tiles created
Processed B2_FOV02_Z065_pr.tif: 100 tiles created
Processed B2_FOV02_Z099_pr.tif: 100 tiles created
Processed B2_FOV03_Z021_pr.tif: 100 tiles created
Processed B2_FOV03_Z000_pr.tif: 100 tiles created
Processed B2_FOV03_Z076_pr.tif: 100 tiles created
Processed B2_FOV00_Z099_pr.tif: 100 tiles created
Processed B2_FOV03_Z069_pr.tif: 100 tiles created
Processed B2_FOV01_Z019_pr.tif: 100 tiles created
Processed B2_FOV00_Z059_pr.tif: 100 tiles created
Processed B2_FOV00_Z028_pr.tif: 100 tiles created
Processed B2_FOV01_Z097_pr.tif: 100 tiles created
Processed B2_FOV01_Z030_pr.tif: 100 tiles created
Processed B2_FOV01_Z068_pr.tif: 100 tiles created
Processed B2_FOV01_Z045_pr.tif: 100 tiles created
Processed B2_FOV02_Z032_pr.tif: 100 tiles created
Processed B2_FOV00_Z006_pr.tif: 100 tiles created
Processed B2_FOV00_Z036_pr.tif: 100 tiles created
Processed B2_FOV01_Z057_pr.tif: 100 tiles created
Processed B2_FOV01_Z087_pr.tif: 100 tiles created
Processed B2_FOV02_Z071_pr.tif: 100 tiles created
Processed B2_FOV02_Z017_pr.tif: 100 tiles created
Processed B2_FOV02_Z022_pr.tif: 100 tiles created
Processed B2_FOV00_Z097_pr.tif: 100 tiles created
Processed B2_FOV00_Z027_pr.tif: 100 tiles created
Processed B2_FOV00_Z030_pr.tif: 100 tiles created
Processed B2_FOV01_Z007_pr.tif: 100 tiles created
Processed B2_FOV03_Z094_pr.tif: 100 tiles created
Processed B2_FOV02_Z008_pr.tif: 100 tiles created
Processed B2_FOV03_Z088_pr.tif: 100 tiles created
Processed B2_FOV02_Z082_pr.tif: 100 tiles created
Processed B2_FOV02_Z056_pr.tif: 100 tiles created
Processed B2_FOV01_Z033_pr.tif: 100 tiles created
Processed B2_FOV00_Z005_pr.tif: 100 tiles created
Processed B2_FOV01_Z081_pr.tif: 100 tiles created
Processed B2_FOV00_Z085_pr.tif: 100 tiles created
Processed B2_FOV03_Z025_pr.tif: 100 tiles created
Processed B2_FOV02_Z026_pr.tif: 100 tiles created
Processed B2_FOV01_Z003_pr.tif: 100 tiles created
Processed B2_FOV02_Z033_pr.tif: 100 tiles created
Processed B2_FOV02_Z074_pr.tif: 100 tiles created
Processed B2_FOV02_Z090_pr.tif: 100 tiles created
Processed B2_FOV01_Z072_pr.tif: 100 tiles created
Processed B2_FOV00_Z053_pr.tif: 100 tiles created
Processed B2_FOV01_Z069_pr.tif: 100 tiles created
Processed B2_FOV03_Z056_pr.tif: 100 tiles created
Processed B2_FOV03_Z016_pr.tif: 100 tiles created
Processed B2_FOV01_Z086_pr.tif: 100 tiles created
Processed B2_FOV03_Z007_pr.tif: 100 tiles created
Processed B2_FOV01_Z029_pr.tif: 100 tiles created
Processed B2_FOV02_Z092_pr.tif: 100 tiles created
Processed B2_FOV01_Z084_pr.tif: 100 tiles created
Processed B2_FOV00_Z070_pr.tif: 100 tiles created
Processed B2_FOV00_Z060_pr.tif: 100 tiles created
Processed B2_FOV01_Z000_pr.tif: 100 tiles created
Processed B2_FOV01_Z032_pr.tif: 100 tiles created
Processed B2_FOV03_Z065_pr.tif: 100 tiles created
Processed B2_FOV01_Z062_pr.tif: 100 tiles created
Processed B2_FOV02_Z089_pr.tif: 100 tiles created
Processed B2_FOV03_Z039_pr.tif: 100 tiles created
Processed B2_FOV00_Z068_pr.tif: 100 tiles created
Processed B2_FOV00_Z031_pr.tif: 100 tiles created
Processed B2_FOV02_Z049_pr.tif: 100 tiles created
Processed B2_FOV02_Z091_pr.tif: 100 tiles created
Processed B2_FOV00_Z018_pr.tif: 100 tiles created
Processed B2_FOV00_Z091_pr.tif: 100 tiles created
Processed B2_FOV01_Z093_pr.tif: 100 tiles created
Processed B2_FOV00_Z064_pr.tif: 100 tiles created
Processed B2_FOV02_Z083_pr.tif: 100 tiles created
Processed B2_FOV03_Z084_pr.tif: 100 tiles created
Processed B2_FOV01_Z035_pr.tif: 100 tiles created
Processed B2_FOV02_Z062_pr.tif: 100 tiles created
Processed B2_FOV03_Z026_pr.tif: 100 tiles created
Processed B2_FOV01_Z010_pr.tif: 100 tiles created
Processed B2_FOV00_Z067_pr.tif: 100 tiles created
Processed B2_FOV03_Z062_pr.tif: 100 tiles created
Processed B2_FOV03_Z017_pr.tif: 100 tiles created
Processed B2_FOV00_Z029_pr.tif: 100 tiles created
Processed B2_FOV01_Z092_pr.tif: 100 tiles created
Processed B2_FOV01_Z098_pr.tif: 100 tiles created
Processed B2_FOV01_Z024_pr.tif: 100 tiles created
Processed B2_FOV02_Z100_pr.tif: 100 tiles created
Processed B2_FOV01_Z059_pr.tif: 100 tiles created
Processed B2_FOV02_Z073_pr.tif: 100 tiles created
Processed B2_FOV02_Z043_pr.tif: 100 tiles created
Processed B2_FOV00_Z016_pr.tif: 100 tiles created
Processed B2_FOV00_Z001_pr.tif: 100 tiles created
Processed B2_FOV02_Z015_pr.tif: 100 tiles created
Processed B2_FOV03_Z001_pr.tif: 100 tiles created
Processed B2_FOV02_Z005_pr.tif: 100 tiles created
Processed B2_FOV03_Z051_pr.tif: 100 tiles created
Processed B2_FOV00_Z021_pr.tif: 100 tiles created
Processed B2_FOV01_Z055_pr.tif: 100 tiles created
Processed B2_FOV01_Z017_pr.tif: 100 tiles created
Processed B2_FOV01_Z063_pr.tif: 100 tiles created
Processed B2_FOV01_Z039_pr.tif: 100 tiles created
Processed B2_FOV00_Z056_pr.tif: 100 tiles created
Processed B2_FOV01_Z077_pr.tif: 100 tiles created
Processed B2_FOV02_Z078_pr.tif: 100 tiles created
Processed B2_FOV01_Z026_pr.tif: 100 tiles created
Processed B2_FOV01_Z056_pr.tif: 100 tiles created
Processed B2_FOV00_Z079_pr.tif: 100 tiles created
Processed B2_FOV01_Z046_pr.tif: 100 tiles created
Processed B2_FOV03_Z054_pr.tif: 100 tiles created
Processed B2_FOV03_Z067_pr.tif: 100 tiles created
Processed B2_FOV02_Z051_pr.tif: 100 tiles created
Processed B2_FOV01_Z036_pr.tif: 100 tiles created
Processed B2_FOV02_Z047_pr.tif: 100 tiles created
Processed B2_FOV01_Z071_pr.tif: 100 tiles created
Processed B2_FOV03_Z036_pr.tif: 100 tiles created
Processed B2_FOV02_Z080_pr.tif: 100 tiles created
Processed B2_FOV03_Z075_pr.tif: 100 tiles created
Processed B2_FOV03_Z037_pr.tif: 100 tiles created
Processed B2_FOV03_Z005_pr.tif: 100 tiles created
Processed B2_FOV01_Z099_pr.tif: 100 tiles created
Processed B2_FOV00_Z084_pr.tif: 100 tiles created
Processed B2_FOV02_Z093_pr.tif: 100 tiles created
Processed B2_FOV03_Z099_pr.tif: 100 tiles created
Processed B2_FOV03_Z087_pr.tif: 100 tiles created
Processed B2_FOV03_Z004_pr.tif: 100 tiles created
Processed B2_FOV00_Z010_pr.tif: 100 tiles created
Processed B2_FOV03_Z040_pr.tif: 100 tiles created
Processed B2_FOV02_Z075_pr.tif: 100 tiles created
Processed B2_FOV01_Z027_pr.tif: 100 tiles created
Processed B2_FOV00_Z058_pr.tif: 100 tiles created
Processed B2_FOV02_Z059_pr.tif: 100 tiles created
Processed B2_FOV03_Z049_pr.tif: 100 tiles created
Processed B2_FOV02_Z012_pr.tif: 100 tiles created
Processed B2_FOV00_Z076_pr.tif: 100 tiles created
Processed B2_FOV00_Z045_pr.tif: 100 tiles created
Processed B2_FOV03_Z018_pr.tif: 100 tiles created
Processed B2_FOV00_Z014_pr.tif: 100 tiles created
Processed B2_FOV01_Z047_pr.tif: 100 tiles created
Processed B2_FOV02_Z035_pr.tif: 100 tiles created
Processed B2_FOV00_Z004_pr.tif: 100 tiles created
Processed B2_FOV01_Z089_pr.tif: 100 tiles created
Processed B2_FOV00_Z043_pr.tif: 100 tiles created
Processed B2_FOV03_Z060_pr.tif: 100 tiles created
Processed B2_FOV02_Z045_pr.tif: 100 tiles created
Processed B2_FOV01_Z034_pr.tif: 100 tiles created
Processed B2_FOV03_Z057_pr.tif: 100 tiles created
Processed B2_FOV00_Z039_pr.tif: 100 tiles created
Processed B2_FOV02_Z088_pr.tif: 100 tiles created
Processed B2_FOV02_Z004_pr.tif: 100 tiles created
Processed B2_FOV01_Z050_pr.tif: 100 tiles created
Processed B2_FOV00_Z055_pr.tif: 100 tiles created
Processed B2_FOV02_Z016_pr.tif: 100 tiles created
Processed B2_FOV03_Z033_pr.tif: 100 tiles created
Processed B2_FOV01_Z001_pr.tif: 100 tiles created
Processed B2_FOV03_Z081_pr.tif: 100 tiles created
Processed B2_FOV02_Z002_pr.tif: 100 tiles created
Processed B2_FOV03_Z096_pr.tif: 100 tiles created
Processed B2_FOV02_Z014_pr.tif: 100 tiles created
Processed B2_FOV01_Z040_pr.tif: 100 tiles created
Processed B2_FOV03_Z072_pr.tif: 100 tiles created
Processed B2_FOV03_Z006_pr.tif: 100 tiles created
Processed B2_FOV02_Z060_pr.tif: 100 tiles created
Processed B2_FOV00_Z044_pr.tif: 100 tiles created
Processed B2_FOV03_Z012_pr.tif: 100 tiles created
Processed B2_FOV03_Z068_pr.tif: 100 tiles created
Processed B2_FOV03_Z032_pr.tif: 100 tiles created
Processed B2_FOV02_Z081_pr.tif: 100 tiles created
Processed B2_FOV01_Z085_pr.tif: 100 tiles created
Processed B2_FOV02_Z025_pr.tif: 100 tiles created
Processed B2_FOV02_Z041_pr.tif: 100 tiles created
Processed B2_FOV03_Z098_pr.tif: 100 tiles created
Processed B2_FOV01_Z022_pr.tif: 100 tiles created
Processed B2_FOV01_Z080_pr.tif: 100 tiles created
Processed B2_FOV00_Z052_pr.tif: 100 tiles created
Processed B2_FOV01_Z083_pr.tif: 100 tiles created
Processed B2_FOV00_Z094_pr.tif: 100 tiles created
Processed B2_FOV03_Z030_pr.tif: 100 tiles created
Processed B2_FOV00_Z074_pr.tif: 100 tiles created
Processed B2_FOV03_Z020_pr.tif: 100 tiles created
Processed B2_FOV01_Z037_pr.tif: 100 tiles created
Processed B2_FOV02_Z085_pr.tif: 100 tiles created
Processed B2_FOV01_Z066_pr.tif: 100 tiles created
Processed B2_FOV01_Z005_pr.tif: 100 tiles created
Processed B2_FOV00_Z019_pr.tif: 100 tiles created
Processed B2_FOV02_Z046_pr.tif: 100 tiles created
Processed B2_FOV01_Z043_pr.tif: 100 tiles created
Processed B2_FOV03_Z013_pr.tif: 100 tiles created
Processed B2_FOV00_Z012_pr.tif: 100 tiles created
Processed B2_FOV01_Z041_pr.tif: 100 tiles created
Processed B2_FOV02_Z010_pr.tif: 100 tiles created
Processed B2_FOV01_Z061_pr.tif: 100 tiles created
Processed B2_FOV03_Z083_pr.tif: 100 tiles created
Processed B2_FOV03_Z046_pr.tif: 100 tiles created
Processed B2_FOV01_Z082_pr.tif: 100 tiles created
Processed B2_FOV02_Z042_pr.tif: 100 tiles created
Processed B2_FOV03_Z079_pr.tif: 100 tiles created
Processed B2_FOV02_Z044_pr.tif: 100 tiles created
Processed B2_FOV03_Z090_pr.tif: 100 tiles created
Processed B2_FOV00_Z041_pr.tif: 100 tiles created
Processed B2_FOV02_Z096_pr.tif: 100 tiles created
Processed B2_FOV01_Z023_pr.tif: 100 tiles created
Processed B2_FOV03_Z008_pr.tif: 100 tiles created
Processed B2_FOV03_Z059_pr.tif: 100 tiles created
Processed B2_FOV01_Z042_pr.tif: 100 tiles created
Processed B2_FOV01_Z016_pr.tif: 100 tiles created
Processed B2_FOV00_Z047_pr.tif: 100 tiles created
Processed B2_FOV00_Z054_pr.tif: 100 tiles created
Processed B2_FOV01_Z008_pr.tif: 100 tiles created
Processed B2_FOV00_Z083_pr.tif: 100 tiles created
Processed B2_FOV01_Z058_pr.tif: 100 tiles created
Processed B2_FOV02_Z086_pr.tif: 100 tiles created
Processed B2_FOV02_Z048_pr.tif: 100 tiles created
Processed B2_FOV02_Z027_pr.tif: 100 tiles created
Processed B2_FOV00_Z048_pr.tif: 100 tiles created
Processed B2_FOV03_Z074_pr.tif: 100 tiles created
Processed B2_FOV02_Z023_pr.tif: 100 tiles created
Processed B2_FOV00_Z098_pr.tif: 100 tiles created
Processed B2_FOV03_Z080_pr.tif: 100 tiles created
Processed B2_FOV02_Z064_pr.tif: 100 tiles created
Processed B2_FOV03_Z064_pr.tif: 100 tiles created
Processed B2_FOV00_Z038_pr.tif: 100 tiles created
Processed B2_FOV02_Z018_pr.tif: 100 tiles created
Processed B2_FOV02_Z095_pr.tif: 100 tiles created
Processed B2_FOV00_Z082_pr.tif: 100 tiles created
Processed B2_FOV02_Z037_pr.tif: 100 tiles created
Processed B2_FOV02_Z063_pr.tif: 100 tiles created
Processed B2_FOV00_Z086_pr.tif: 100 tiles created
Processed B2_FOV01_Z064_pr.tif: 100 tiles created
Processed B2_FOV00_Z008_pr.tif: 100 tiles created
Processed B2_FOV00_Z088_pr.tif: 100 tiles created
Processed B2_FOV02_Z052_pr.tif: 100 tiles created
Processed B2_FOV03_Z052_pr.tif: 100 tiles created
Processed B2_FOV03_Z038_pr.tif: 100 tiles created
Processed B2_FOV02_Z058_pr.tif: 100 tiles created
Processed B2_FOV01_Z073_pr.tif: 100 tiles created
Processed B2_FOV00_Z013_pr.tif: 100 tiles created
Processed B2_FOV00_Z033_pr.tif: 100 tiles created
Processed B2_FOV03_Z048_pr.tif: 100 tiles created
Processed B2_FOV03_Z009_pr.tif: 100 tiles created
Processed B2_FOV00_Z011_pr.tif: 100 tiles created
Processed B2_FOV00_Z051_pr.tif: 100 tiles created
Processed B2_FOV00_Z024_pr.tif: 100 tiles created
Processed B2_FOV03_Z097_pr.tif: 100 tiles created
Processed B2_FOV00_Z046_pr.tif: 100 tiles created
Processed B2_FOV01_Z028_pr.tif: 100 tiles created
Processed B2_FOV00_Z037_pr.tif: 100 tiles created
Processed B2_FOV03_Z095_pr.tif: 100 tiles created
Processed B2_FOV00_Z092_pr.tif: 100 tiles created
Processed B2_FOV00_Z042_pr.tif: 100 tiles created
Processed B2_FOV01_Z078_pr.tif: 100 tiles created
Processed B2_FOV02_Z028_pr.tif: 100 tiles created
Processed B2_FOV01_Z049_pr.tif: 100 tiles created
Processed B2_FOV01_Z038_pr.tif: 100 tiles created
Processed B2_FOV02_Z020_pr.tif: 100 tiles created
Processed B2_FOV02_Z029_pr.tif: 100 tiles created
Processed B2_FOV02_Z079_pr.tif: 100 tiles created
Processed B2_FOV03_Z077_pr.tif: 100 tiles created
Processed B2_FOV03_Z061_pr.tif: 100 tiles created
Processed B2_FOV03_Z093_pr.tif: 100 tiles created
Processed B2_FOV00_Z062_pr.tif: 100 tiles created
Processed B2_FOV02_Z001_pr.tif: 100 tiles created
Processed B2_FOV01_Z004_pr.tif: 100 tiles created
Processed B2_FOV00_Z032_pr.tif: 100 tiles created
Processed B2_FOV03_Z045_pr.tif: 100 tiles created
Processed B2_FOV00_Z007_pr.tif: 100 tiles created
Processed B2_FOV01_Z065_pr.tif: 100 tiles created
Processed B2_FOV03_Z043_pr.tif: 100 tiles created
Processed B2_FOV01_Z079_pr.tif: 100 tiles created
Processed B2_FOV01_Z096_pr.tif: 100 tiles created
Processed B2_FOV01_Z053_pr.tif: 100 tiles created
Processed B2_FOV00_Z073_pr.tif: 100 tiles created
Processed B2_FOV01_Z094_pr.tif: 100 tiles created
Processed B2_FOV00_Z077_pr.tif: 100 tiles created
Processed B2_FOV00_Z065_pr.tif: 100 tiles created
Processed B2_FOV01_Z067_pr.tif: 100 tiles created
Processed B2_FOV01_Z025_pr.tif: 100 tiles created
Processed B2_FOV00_Z063_pr.tif: 100 tiles created
Processed B2_FOV03_Z071_pr.tif: 100 tiles created
Processed B2_FOV03_Z034_pr.tif: 100 tiles created
Processed B2_FOV02_Z066_pr.tif: 100 tiles created
Processed B2_FOV02_Z034_pr.tif: 100 tiles created
Processed B2_FOV03_Z024_pr.tif: 100 tiles created
Processed B2_FOV03_Z019_pr.tif: 100 tiles created
Processed B2_FOV00_Z050_pr.tif: 100 tiles created
Processed B2_FOV02_Z077_pr.tif: 100 tiles created
Processed B2_FOV00_Z061_pr.tif: 100 tiles created
Processed B2_FOV00_Z100_pr.tif: 100 tiles created
Processed B2_FOV00_Z022_pr.tif: 100 tiles created
Processed B2_FOV03_Z086_pr.tif: 100 tiles created
Processed B2_FOV02_Z057_pr.tif: 100 tiles created
Processed B2_FOV00_Z066_pr.tif: 100 tiles created
Processed B2_FOV02_Z009_pr.tif: 100 tiles created
Processed B2_FOV00_Z093_pr.tif: 100 tiles created
Processed B2_FOV03_Z085_pr.tif: 100 tiles created
Processed B2_FOV02_Z013_pr.tif: 100 tiles created
Processed B2_FOV02_Z024_pr.tif: 100 tiles created
Processed B2_FOV02_Z031_pr.tif: 100 tiles created
Processed B2_FOV01_Z070_pr.tif: 100 tiles created
Processed B2_FOV00_Z078_pr.tif: 100 tiles created
Processed B2_FOV00_Z025_pr.tif: 100 tiles created
Processed B2_FOV02_Z021_pr.tif: 100 tiles created
Processed B2_FOV00_Z095_pr.tif: 100 tiles created
Processed B2_FOV02_Z070_pr.tif: 100 tiles created
Processed B2_FOV03_Z053_pr.tif: 100 tiles created
Processed B2_FOV03_Z014_pr.tif: 100 tiles created
Processed B2_FOV02_Z087_pr.tif: 100 tiles created
Processed B2_FOV01_Z051_pr.tif: 100 tiles created
Processed B2_FOV03_Z058_pr.tif: 100 tiles created
Processed B2_FOV03_Z044_pr.tif: 100 tiles created
Processed B2_FOV01_Z091_pr.tif: 100 tiles created
Processed B2_FOV03_Z010_pr.tif: 100 tiles created
Processed B2_FOV02_Z068_pr.tif: 100 tiles created
Processed B2_FOV01_Z002_pr.tif: 100 tiles created
Processed B2_FOV02_Z076_pr.tif: 100 tiles created
Processed B2_FOV03_Z015_pr.tif: 100 tiles created
Processed B2_FOV01_Z011_pr.tif: 100 tiles created
Processed B2_FOV00_Z009_pr.tif: 100 tiles created
Processed B2_FOV01_Z060_pr.tif: 100 tiles created
Processed B2_FOV01_Z095_pr.tif: 100 tiles created
Processed B2_FOV00_Z040_pr.tif: 100 tiles created
Processed B2_FOV01_Z100_pr.tif: 100 tiles created
Processed B2_FOV01_Z088_pr.tif: 100 tiles created
Processed B2_FOV01_Z048_pr.tif: 100 tiles created
Processed B2_FOV02_Z011_pr.tif: 100 tiles created
Processed B2_FOV02_Z094_pr.tif: 100 tiles created
Processed B2_FOV03_Z002_pr.tif: 100 tiles created

Total tiles created: 32300
Tiles saved to: /jet/home/pwojcik/lm_lab_proj/for_training/B2_split
Dataset split complete:
  Train_full: 29070 images
  Test:       3230 images
Processed B3_FOV01_Z040_pr.tif: 100 tiles created
Processed B3_FOV01_Z047_pr.tif: 100 tiles created
Processed B3_FOV03_Z031_pr.tif: 100 tiles created
Processed B3_FOV00_Z066_pr.tif: 100 tiles created
Processed B3_FOV02_Z060_pr.tif: 100 tiles created
Processed B3_FOV02_Z054_pr.tif: 100 tiles created
Processed B3_FOV01_Z013_pr.tif: 100 tiles created
Processed B3_FOV00_Z065_pr.tif: 100 tiles created
Processed B3_FOV02_Z011_pr.tif: 100 tiles created
Processed B3_FOV00_Z057_pr.tif: 100 tiles created
Processed B3_FOV02_Z009_pr.tif: 100 tiles created
Processed B3_FOV00_Z022_pr.tif: 100 tiles created
Processed B3_FOV00_Z026_pr.tif: 100 tiles created
Processed B3_FOV03_Z052_pr.tif: 100 tiles created
Processed B3_FOV01_Z042_pr.tif: 100 tiles created
Processed B3_FOV00_Z059_pr.tif: 100 tiles created
Processed B3_FOV03_Z045_pr.tif: 100 tiles created
Processed B3_FOV00_Z017_pr.tif: 100 tiles created
Processed B3_FOV01_Z027_pr.tif: 100 tiles created
Processed B3_FOV01_Z036_pr.tif: 100 tiles created
Processed B3_FOV00_Z055_pr.tif: 100 tiles created
Processed B3_FOV02_Z005_pr.tif: 100 tiles created
Processed B3_FOV00_Z052_pr.tif: 100 tiles created
Processed B3_FOV00_Z000_pr.tif: 100 tiles created
Processed B3_FOV00_Z064_pr.tif: 100 tiles created
Processed B3_FOV03_Z050_pr.tif: 100 tiles created
Processed B3_FOV02_Z031_pr.tif: 100 tiles created
Processed B3_FOV01_Z032_pr.tif: 100 tiles created
Processed B3_FOV02_Z007_pr.tif: 100 tiles created
Processed B3_FOV03_Z062_pr.tif: 100 tiles created
Processed B3_FOV02_Z045_pr.tif: 100 tiles created
Processed B3_FOV01_Z039_pr.tif: 100 tiles created
Processed B3_FOV02_Z044_pr.tif: 100 tiles created
Processed B3_FOV00_Z041_pr.tif: 100 tiles created
Processed B3_FOV03_Z040_pr.tif: 100 tiles created
Processed B3_FOV01_Z043_pr.tif: 100 tiles created
Processed B3_FOV01_Z012_pr.tif: 100 tiles created
Processed B3_FOV00_Z023_pr.tif: 100 tiles created
Processed B3_FOV03_Z009_pr.tif: 100 tiles created
Processed B3_FOV00_Z046_pr.tif: 100 tiles created
Processed B3_FOV00_Z044_pr.tif: 100 tiles created
Processed B3_FOV00_Z006_pr.tif: 100 tiles created
Processed B3_FOV03_Z019_pr.tif: 100 tiles created
Processed B3_FOV00_Z056_pr.tif: 100 tiles created
Processed B3_FOV01_Z055_pr.tif: 100 tiles created
Processed B3_FOV01_Z034_pr.tif: 100 tiles created
Processed B3_FOV02_Z036_pr.tif: 100 tiles created
Processed B3_FOV02_Z001_pr.tif: 100 tiles created
Processed B3_FOV01_Z056_pr.tif: 100 tiles created
Processed B3_FOV02_Z024_pr.tif: 100 tiles created
Processed B3_FOV03_Z053_pr.tif: 100 tiles created
Processed B3_FOV01_Z028_pr.tif: 100 tiles created
Processed B3_FOV02_Z043_pr.tif: 100 tiles created
Processed B3_FOV01_Z033_pr.tif: 100 tiles created
Processed B3_FOV00_Z029_pr.tif: 100 tiles created
Processed B3_FOV01_Z020_pr.tif: 100 tiles created
Processed B3_FOV03_Z024_pr.tif: 100 tiles created
Processed B3_FOV01_Z058_pr.tif: 100 tiles created
Processed B3_FOV02_Z030_pr.tif: 100 tiles created
Processed B3_FOV02_Z066_pr.tif: 100 tiles created
Processed B3_FOV00_Z037_pr.tif: 100 tiles created
Processed B3_FOV01_Z059_pr.tif: 100 tiles created
Processed B3_FOV02_Z041_pr.tif: 100 tiles created
Processed B3_FOV00_Z030_pr.tif: 100 tiles created
Processed B3_FOV00_Z048_pr.tif: 100 tiles created
Processed B3_FOV03_Z000_pr.tif: 100 tiles created
Processed B3_FOV03_Z061_pr.tif: 100 tiles created
Processed B3_FOV02_Z016_pr.tif: 100 tiles created
Processed B3_FOV00_Z027_pr.tif: 100 tiles created
Processed B3_FOV02_Z037_pr.tif: 100 tiles created
Processed B3_FOV02_Z008_pr.tif: 100 tiles created
Processed B3_FOV03_Z015_pr.tif: 100 tiles created
Processed B3_FOV01_Z046_pr.tif: 100 tiles created
Processed B3_FOV03_Z063_pr.tif: 100 tiles created
Processed B3_FOV00_Z005_pr.tif: 100 tiles created
Processed B3_FOV00_Z058_pr.tif: 100 tiles created
Processed B3_FOV00_Z028_pr.tif: 100 tiles created
Processed B3_FOV03_Z042_pr.tif: 100 tiles created
Processed B3_FOV01_Z014_pr.tif: 100 tiles created
Processed B3_FOV03_Z018_pr.tif: 100 tiles created
Processed B3_FOV00_Z039_pr.tif: 100 tiles created
Processed B3_FOV01_Z052_pr.tif: 100 tiles created
Processed B3_FOV01_Z041_pr.tif: 100 tiles created
Processed B3_FOV02_Z002_pr.tif: 100 tiles created
Processed B3_FOV02_Z000_pr.tif: 100 tiles created
Processed B3_FOV00_Z054_pr.tif: 100 tiles created
Processed B3_FOV01_Z054_pr.tif: 100 tiles created
Processed B3_FOV00_Z038_pr.tif: 100 tiles created
Processed B3_FOV02_Z013_pr.tif: 100 tiles created
Processed B3_FOV01_Z005_pr.tif: 100 tiles created
Processed B3_FOV01_Z066_pr.tif: 100 tiles created
Processed B3_FOV01_Z007_pr.tif: 100 tiles created
Processed B3_FOV03_Z003_pr.tif: 100 tiles created
Processed B3_FOV02_Z050_pr.tif: 100 tiles created
Processed B3_FOV00_Z042_pr.tif: 100 tiles created
Processed B3_FOV03_Z026_pr.tif: 100 tiles created
Processed B3_FOV01_Z018_pr.tif: 100 tiles created
Processed B3_FOV01_Z004_pr.tif: 100 tiles created
Processed B3_FOV03_Z064_pr.tif: 100 tiles created
Processed B3_FOV02_Z049_pr.tif: 100 tiles created
Processed B3_FOV03_Z051_pr.tif: 100 tiles created
Processed B3_FOV02_Z027_pr.tif: 100 tiles created
Processed B3_FOV03_Z047_pr.tif: 100 tiles created
Processed B3_FOV03_Z028_pr.tif: 100 tiles created
Processed B3_FOV00_Z063_pr.tif: 100 tiles created
Processed B3_FOV02_Z017_pr.tif: 100 tiles created
Processed B3_FOV01_Z016_pr.tif: 100 tiles created
Processed B3_FOV00_Z019_pr.tif: 100 tiles created
Processed B3_FOV02_Z046_pr.tif: 100 tiles created
Processed B3_FOV03_Z002_pr.tif: 100 tiles created
Processed B3_FOV03_Z046_pr.tif: 100 tiles created
Processed B3_FOV03_Z030_pr.tif: 100 tiles created
Processed B3_FOV02_Z014_pr.tif: 100 tiles created
Processed B3_FOV01_Z008_pr.tif: 100 tiles created
Processed B3_FOV02_Z029_pr.tif: 100 tiles created
Processed B3_FOV02_Z028_pr.tif: 100 tiles created
Processed B3_FOV03_Z005_pr.tif: 100 tiles created
Processed B3_FOV00_Z036_pr.tif: 100 tiles created
Processed B3_FOV01_Z025_pr.tif: 100 tiles created
Processed B3_FOV03_Z056_pr.tif: 100 tiles created
Processed B3_FOV00_Z032_pr.tif: 100 tiles created
Processed B3_FOV00_Z014_pr.tif: 100 tiles created
Processed B3_FOV03_Z066_pr.tif: 100 tiles created
Processed B3_FOV03_Z032_pr.tif: 100 tiles created
Processed B3_FOV03_Z011_pr.tif: 100 tiles created
Processed B3_FOV02_Z064_pr.tif: 100 tiles created
Processed B3_FOV00_Z043_pr.tif: 100 tiles created
Processed B3_FOV01_Z057_pr.tif: 100 tiles created
Processed B3_FOV02_Z018_pr.tif: 100 tiles created
Processed B3_FOV02_Z035_pr.tif: 100 tiles created
Processed B3_FOV01_Z030_pr.tif: 100 tiles created
Processed B3_FOV03_Z013_pr.tif: 100 tiles created
Processed B3_FOV01_Z044_pr.tif: 100 tiles created
Processed B3_FOV01_Z000_pr.tif: 100 tiles created
Processed B3_FOV00_Z035_pr.tif: 100 tiles created
Processed B3_FOV03_Z041_pr.tif: 100 tiles created
Processed B3_FOV00_Z018_pr.tif: 100 tiles created
Processed B3_FOV01_Z064_pr.tif: 100 tiles created
Processed B3_FOV02_Z032_pr.tif: 100 tiles created
Processed B3_FOV01_Z010_pr.tif: 100 tiles created
Processed B3_FOV01_Z037_pr.tif: 100 tiles created
Processed B3_FOV03_Z014_pr.tif: 100 tiles created
Processed B3_FOV02_Z051_pr.tif: 100 tiles created
Processed B3_FOV03_Z036_pr.tif: 100 tiles created
Processed B3_FOV00_Z008_pr.tif: 100 tiles created
Processed B3_FOV00_Z001_pr.tif: 100 tiles created
Processed B3_FOV01_Z065_pr.tif: 100 tiles created
Processed B3_FOV03_Z007_pr.tif: 100 tiles created
Processed B3_FOV01_Z001_pr.tif: 100 tiles created
Processed B3_FOV00_Z050_pr.tif: 100 tiles created
Processed B3_FOV01_Z060_pr.tif: 100 tiles created
Processed B3_FOV03_Z008_pr.tif: 100 tiles created
Processed B3_FOV00_Z013_pr.tif: 100 tiles created
Processed B3_FOV03_Z021_pr.tif: 100 tiles created
Processed B3_FOV01_Z029_pr.tif: 100 tiles created
Processed B3_FOV03_Z059_pr.tif: 100 tiles created
Processed B3_FOV03_Z029_pr.tif: 100 tiles created
Processed B3_FOV00_Z049_pr.tif: 100 tiles created
Processed B3_FOV01_Z026_pr.tif: 100 tiles created
Processed B3_FOV01_Z050_pr.tif: 100 tiles created
Processed B3_FOV02_Z006_pr.tif: 100 tiles created
Processed B3_FOV02_Z023_pr.tif: 100 tiles created
Processed B3_FOV03_Z044_pr.tif: 100 tiles created
Processed B3_FOV03_Z004_pr.tif: 100 tiles created
Processed B3_FOV02_Z033_pr.tif: 100 tiles created
Processed B3_FOV02_Z012_pr.tif: 100 tiles created
Processed B3_FOV03_Z006_pr.tif: 100 tiles created
Processed B3_FOV01_Z021_pr.tif: 100 tiles created
Processed B3_FOV03_Z038_pr.tif: 100 tiles created
Processed B3_FOV01_Z011_pr.tif: 100 tiles created
Processed B3_FOV02_Z059_pr.tif: 100 tiles created
Processed B3_FOV03_Z025_pr.tif: 100 tiles created
Processed B3_FOV00_Z040_pr.tif: 100 tiles created
Processed B3_FOV00_Z034_pr.tif: 100 tiles created
Processed B3_FOV03_Z034_pr.tif: 100 tiles created
Processed B3_FOV03_Z023_pr.tif: 100 tiles created
Processed B3_FOV00_Z021_pr.tif: 100 tiles created
Processed B3_FOV03_Z012_pr.tif: 100 tiles created
Processed B3_FOV01_Z053_pr.tif: 100 tiles created
Processed B3_FOV00_Z011_pr.tif: 100 tiles created
Processed B3_FOV03_Z065_pr.tif: 100 tiles created
Processed B3_FOV01_Z048_pr.tif: 100 tiles created
Processed B3_FOV00_Z062_pr.tif: 100 tiles created
Processed B3_FOV00_Z003_pr.tif: 100 tiles created
Processed B3_FOV02_Z003_pr.tif: 100 tiles created
Processed B3_FOV03_Z033_pr.tif: 100 tiles created
Processed B3_FOV00_Z025_pr.tif: 100 tiles created
Processed B3_FOV03_Z017_pr.tif: 100 tiles created
Processed B3_FOV00_Z004_pr.tif: 100 tiles created
Processed B3_FOV02_Z039_pr.tif: 100 tiles created
Processed B3_FOV00_Z007_pr.tif: 100 tiles created
Processed B3_FOV01_Z062_pr.tif: 100 tiles created
Processed B3_FOV03_Z055_pr.tif: 100 tiles created
Processed B3_FOV03_Z037_pr.tif: 100 tiles created
Processed B3_FOV02_Z058_pr.tif: 100 tiles created
Processed B3_FOV03_Z058_pr.tif: 100 tiles created
Processed B3_FOV03_Z043_pr.tif: 100 tiles created
Processed B3_FOV02_Z047_pr.tif: 100 tiles created
Processed B3_FOV01_Z061_pr.tif: 100 tiles created
Processed B3_FOV02_Z010_pr.tif: 100 tiles created
Processed B3_FOV02_Z061_pr.tif: 100 tiles created
Processed B3_FOV01_Z023_pr.tif: 100 tiles created
Processed B3_FOV02_Z055_pr.tif: 100 tiles created
Processed B3_FOV01_Z038_pr.tif: 100 tiles created
Processed B3_FOV03_Z048_pr.tif: 100 tiles created
Processed B3_FOV01_Z063_pr.tif: 100 tiles created
Processed B3_FOV02_Z042_pr.tif: 100 tiles created
Processed B3_FOV00_Z016_pr.tif: 100 tiles created
Processed B3_FOV03_Z001_pr.tif: 100 tiles created
Processed B3_FOV00_Z002_pr.tif: 100 tiles created
Processed B3_FOV02_Z025_pr.tif: 100 tiles created
Processed B3_FOV01_Z045_pr.tif: 100 tiles created
Processed B3_FOV01_Z031_pr.tif: 100 tiles created
Processed B3_FOV02_Z052_pr.tif: 100 tiles created

Total tiles created: 21400
Tiles saved to: /jet/home/pwojcik/lm_lab_proj/for_training/B3_split
Dataset split complete:
  Train_full: 19260 images
  Test:       2140 images
